// Jest Snapshot v1, https://goo.gl/fbAQLP

exports[`matches snapshot 1`] = `
<DocumentFragment>
  <div
    class="container xl:max-w-screen-xl mx-auto py-12 px-20"
  >
    <div
      class="text-5xl mb-8 text-center font-weight: 600"
    >
      <h1>
        Main St. Coffee
      </h1>
    </div>
    <div
      class="grid gap-8 xl:grid-cols-4 lg:grid-cols-3 sm:grid-cols-2 grid-cols-1 "
    />
    <div
      class="mt-4 text-center"
    >
      <a
        class="text-lg text-blue-500 hover:underline"
        href="/products"
      >
        View All Products
      </a>
    </div>
  </div>
</DocumentFragment>
`;
